11:30:16.931 [main] INFO  api.test.RegressionSuite.GetUserTest - **** Reading a User ***
11:30:21.070 [main] INFO  api.test.RegressionSuite.GetUserTest - *** Expected status code is 200 - passed ***
11:30:21.102 [main] INFO  api.test.RegressionSuite.GetUserTest - *** Expected headers are validated- passed ***
11:30:21.680 [main] INFO  api.test.RegressionSuite.GetUserTest - *** Expected schema are validated- passed ***
11:30:22.446 [main] INFO  api.test.RegressionSuite.GetUserTest - **** Reading a User ***
11:30:23.112 [main] INFO  api.test.RegressionSuite.GetUserTest - *** Expected status code is 200 - passed ***
11:30:23.128 [main] INFO  api.test.RegressionSuite.GetUserTest - *** Expected headers are validated - passed ***
11:44:45.068 [main] INFO  api.test.RegressionSuite.GetUserTest - **** Reading a User ***
11:44:49.536 [main] INFO  api.test.RegressionSuite.GetUserTest - *** Expected status code is 200 - passed ***
11:44:49.567 [main] INFO  api.test.RegressionSuite.GetUserTest - *** Expected headers are validated- passed ***
11:44:50.105 [main] INFO  api.test.RegressionSuite.GetUserTest - **** Reading all Users ***
11:44:50.749 [main] INFO  api.test.RegressionSuite.GetUserTest - *** Expected status code is 200 - passed ***
11:44:50.749 [main] INFO  api.test.RegressionSuite.GetUserTest - *** Expected headers are validated - passed ***
11:45:53.919 [main] INFO  api.test.RegressionSuite.GetUserTest - **** Reading a User ***
11:45:57.853 [main] INFO  api.test.RegressionSuite.GetUserTest - *** Expected status code is 200 - passed ***
11:45:57.885 [main] INFO  api.test.RegressionSuite.GetUserTest - *** Expected headers are validated- passed ***
11:45:58.610 [main] INFO  api.test.RegressionSuite.GetUserTest - **** Reading all Users ***
11:45:59.136 [main] INFO  api.test.RegressionSuite.GetUserTest - *** Expected status code is 200 - passed ***
11:45:59.153 [main] INFO  api.test.RegressionSuite.GetUserTest - *** Expected headers are validated - passed ***
11:47:15.497 [main] INFO  api.test.RegressionSuite.GetUserTest - **** Reading a User ***
11:47:19.333 [main] INFO  api.test.RegressionSuite.GetUserTest - *** Expected status code is 200 - passed ***
11:47:19.365 [main] INFO  api.test.RegressionSuite.GetUserTest - *** Expected headers are validated- passed ***
11:47:19.964 [main] INFO  api.test.RegressionSuite.GetUserTest - **** Reading all Users ***
11:47:20.612 [main] INFO  api.test.RegressionSuite.GetUserTest - *** Expected status code is 200 - passed ***
11:47:20.627 [main] INFO  api.test.RegressionSuite.GetUserTest - *** Expected headers are validated - passed ***
11:47:20.658 [main] INFO  api.test.RegressionSuite.GetUserTest - *** Expected schema are validated - passed ***
11:48:32.741 [main] INFO  api.test.RegressionSuite.GetUserTest - **** Reading a User ***
11:48:36.433 [main] INFO  api.test.RegressionSuite.GetUserTest - *** Expected status code is 200 - passed ***
11:48:36.465 [main] INFO  api.test.RegressionSuite.GetUserTest - *** Expected headers are validated- passed ***
11:48:37.073 [main] INFO  api.test.RegressionSuite.GetUserTest - **** Reading all Users ***
11:48:37.590 [main] INFO  api.test.RegressionSuite.GetUserTest - *** Expected status code is 200 - passed ***
11:48:37.605 [main] INFO  api.test.RegressionSuite.GetUserTest - *** Expected headers are validated - passed ***
11:48:37.636 [main] INFO  api.test.RegressionSuite.GetUserTest - *** Expected schema are validated - passed ***
11:59:49.940 [main] INFO  api.test.RegressionSuite.GetUserTest - **** Reading a User ***
11:59:54.430 [main] INFO  api.test.RegressionSuite.GetUserTest - *** Expected status code is 200 - passed ***
11:59:54.448 [main] INFO  api.test.RegressionSuite.GetUserTest - *** Expected headers are validated- passed ***
11:59:55.003 [main] INFO  api.test.RegressionSuite.GetUserTest - *** Expected schema are validated- passed ***
11:59:55.019 [main] INFO  api.test.RegressionSuite.GetUserTest - **** Reading all Users ***
11:59:55.667 [main] INFO  api.test.RegressionSuite.GetUserTest - *** Expected status code is 200 - passed ***
11:59:55.682 [main] INFO  api.test.RegressionSuite.GetUserTest - *** Expected headers are validated - passed ***
11:59:55.699 [main] INFO  api.test.RegressionSuite.GetUserTest - *** Expected schema are validated - passed ***
12:41:39.739 [main] INFO  api.test.RegressionSuite.CreateUserTest - **** Create a User ***
12:43:38.476 [main] INFO  api.test.RegressionSuite.CreateUserTest - **** Create a User ***
12:44:41.265 [main] INFO  api.test.RegressionSuite.CreateUserTest - **** Create a User ***
12:44:45.438 [main] INFO  api.test.RegressionSuite.CreateUserTest - *** Expected status code is 201 - passed ***
12:44:45.471 [main] INFO  api.test.RegressionSuite.CreateUserTest - *** Expected headers are validated - passed ***
12:44:45.854 [main] INFO  api.test.RegressionSuite.CreateUserTest - *** Expected schema are validated- passed ***
12:44:46.751 [main] INFO  api.test.RegressionSuite.CreateUserTest - **** Created a User with ID ***
12:44:47.288 [main] INFO  api.test.RegressionSuite.CreateUserTest - *** Expected status code is 200 - passed ***
12:44:47.298 [main] INFO  api.test.RegressionSuite.CreateUserTest - *** Expected headers are validated- passed ***
12:44:47.311 [main] INFO  api.test.RegressionSuite.CreateUserTest - *** Expected schema are validated- passed ***
14:37:04.971 [main] INFO  api.test.RegressionSuite.UpdateUserTest - **** Create a User ***
14:37:10.329 [main] INFO  api.test.RegressionSuite.UpdateUserTest - **** Created a User with ID ***
14:37:10.923 [main] INFO  api.test.RegressionSuite.UpdateUserTest - *** Data updated with status code is 200  - passed ***
14:37:10.986 [main] INFO  api.test.RegressionSuite.UpdateUserTest - *** Updated data headers are validated- passed ***
14:37:11.392 [main] INFO  api.test.RegressionSuite.UpdateUserTest - *** Updated data schema are validated- passed ***
14:37:11.501 [main] INFO  api.test.RegressionSuite.UpdateUserTest - *** Updated data are validated against request data- passed ***
14:37:12.002 [main] INFO  api.test.RegressionSuite.UpdateUserTest - *** Updated data with status code is 200 - passed ***
14:37:12.018 [main] INFO  api.test.RegressionSuite.UpdateUserTest - *** Updated data headers are validated- passed ***
14:37:12.049 [main] INFO  api.test.RegressionSuite.UpdateUserTest - *** Updated data schema are validated- passed ***
14:42:27.112 [main] INFO  api.test.RegressionSuite.UpdateUserTest - **** Create a User ***
14:42:32.911 [main] INFO  api.test.RegressionSuite.UpdateUserTest - **** Created a User with ID ***
14:42:35.724 [main] INFO  api.test.RegressionSuite.UpdateUserTest - *** Data updated with status code is 200  - passed ***
14:42:35.740 [main] INFO  api.test.RegressionSuite.UpdateUserTest - *** Updated data headers are validated- passed ***
14:42:36.068 [main] INFO  api.test.RegressionSuite.UpdateUserTest - *** Updated data schema are validated- passed ***
14:42:36.224 [main] INFO  api.test.RegressionSuite.UpdateUserTest - *** Updated data are validated against request data- passed ***
14:42:36.959 [main] INFO  api.test.RegressionSuite.UpdateUserTest - *** Updated data with status code is 200 - passed ***
14:42:36.959 [main] INFO  api.test.RegressionSuite.UpdateUserTest - *** Updated data headers are validated- passed ***
14:42:36.974 [main] INFO  api.test.RegressionSuite.UpdateUserTest - *** Updated data schema are validated- passed ***
14:50:14.077 [main] INFO  api.test.RegressionSuite.UpdateUserTest - **** Create a User ***
14:50:18.922 [main] INFO  api.test.RegressionSuite.UpdateUserTest - **** Created a User with ID ***
14:50:19.626 [main] INFO  api.test.RegressionSuite.UpdateUserTest - *** Data updated with status code is 200  - passed ***
14:50:19.657 [main] INFO  api.test.RegressionSuite.UpdateUserTest - *** Updated data headers are validated- passed ***
14:50:19.969 [main] INFO  api.test.RegressionSuite.UpdateUserTest - *** Updated data schema are validated- passed ***
14:50:20.079 [main] INFO  api.test.RegressionSuite.UpdateUserTest - *** Updated data are validated against request data- passed ***
14:50:20.674 [main] INFO  api.test.RegressionSuite.UpdateUserTest - *** Updated data with status code is 200 - passed ***
14:50:20.674 [main] INFO  api.test.RegressionSuite.UpdateUserTest - *** Updated data headers are validated- passed ***
14:50:20.706 [main] INFO  api.test.RegressionSuite.UpdateUserTest - *** Updated data schema are validated- passed ***
14:55:08.462 [main] INFO  api.test.RegressionSuite.UpdateUserTest - **** Create a User ***
14:59:08.364 [main] INFO  api.test.RegressionSuite.UpdateUserTest - **** Create a User ***
15:04:17.800 [main] INFO  api.test.RegressionSuite.UpdateUserTest - **** Create a User ***
15:04:23.207 [main] INFO  api.test.RegressionSuite.UpdateUserTest - **** Created a User with ID ***
15:04:23.942 [main] INFO  api.test.RegressionSuite.UpdateUserTest - *** Data updated with status code is 200  - passed ***
15:04:23.973 [main] INFO  api.test.RegressionSuite.UpdateUserTest - *** Updated data headers are validated- passed ***
15:04:24.339 [main] INFO  api.test.RegressionSuite.UpdateUserTest - *** Updated data schema are validated- passed ***
15:04:24.449 [main] INFO  api.test.RegressionSuite.UpdateUserTest - *** Updated data are validated against request data- passed ***
15:04:25.155 [main] INFO  api.test.RegressionSuite.UpdateUserTest - *** Updated data with status code is 200 - passed ***
15:04:25.155 [main] INFO  api.test.RegressionSuite.UpdateUserTest - *** Updated data headers are validated- passed ***
15:04:25.155 [main] INFO  api.test.RegressionSuite.UpdateUserTest - *** Updated data schema are validated- passed ***
15:50:39.632 [main] INFO  api.test.RegressionSuite.UpdateUserTest - **** Created a User with ID ***
15:50:40.526 [main] INFO  api.test.RegressionSuite.UpdateUserTest - *** Data updated with status code is 200  - passed ***
15:50:40.557 [main] INFO  api.test.RegressionSuite.UpdateUserTest - *** Updated data headers are validated- passed ***
15:50:40.949 [main] INFO  api.test.RegressionSuite.UpdateUserTest - *** Updated data schema are validated- passed ***
15:50:41.074 [main] INFO  api.test.RegressionSuite.UpdateUserTest - *** Updated data are validated against request data- passed ***
15:50:41.682 [main] INFO  api.test.RegressionSuite.UpdateUserTest - *** Updated data are validated through GET Call - passed ***
15:50:42.422 [main] INFO  api.test.RegressionSuite.UpdateUserTest - **** Created a User with ID ***
16:00:11.746 [main] INFO  api.test.RegressionSuite.UpdateUserTest - **** Created a User with ID ***
16:00:12.493 [main] INFO  api.test.RegressionSuite.UpdateUserTest - *** Data updated with status code is 200  - passed ***
16:00:12.518 [main] INFO  api.test.RegressionSuite.UpdateUserTest - *** Updated data headers are validated- passed ***
16:00:12.887 [main] INFO  api.test.RegressionSuite.UpdateUserTest - *** Updated data schema are validated- passed ***
16:00:13.013 [main] INFO  api.test.RegressionSuite.UpdateUserTest - *** Updated data are validated against request data- passed ***
16:00:13.670 [main] INFO  api.test.RegressionSuite.UpdateUserTest - *** Updated data are validated through GET Call - passed ***
16:00:14.241 [main] INFO  api.test.RegressionSuite.UpdateUserTest - **** Created a User with ID ***
16:43:26.620 [main] INFO  api.test.RegressionSuite.UpdateUserTest - **** Created a User with ID ***
16:43:27.102 [main] INFO  api.test.RegressionSuite.UpdateUserTest - *** Data updated with status code is 200  - passed ***
16:43:27.107 [main] INFO  api.test.RegressionSuite.UpdateUserTest - *** Updated data headers are validated- passed ***
16:43:27.116 [main] INFO  api.test.RegressionSuite.UpdateUserTest - *** Updated data schema are validated- passed ***
16:43:27.283 [main] INFO  api.test.RegressionSuite.UpdateUserTest - *** Updated data are validated against request data- passed ***
16:43:27.894 [main] INFO  api.test.RegressionSuite.UpdateUserTest - *** Updated data are validated through GET Call - passed ***
16:43:50.658 [main] INFO  api.test.RegressionSuite.UpdateUserTest - **** Created a User with ID ***
16:43:51.410 [main] INFO  api.test.RegressionSuite.UpdateUserTest - *** Data updated with status code is 200  - passed ***
16:43:51.419 [main] INFO  api.test.RegressionSuite.UpdateUserTest - *** Updated data headers are validated- passed ***
16:43:51.447 [main] INFO  api.test.RegressionSuite.UpdateUserTest - *** Updated data schema are validated- passed ***
16:43:51.622 [main] INFO  api.test.RegressionSuite.UpdateUserTest - *** Updated data are validated against request data- passed ***
16:43:52.258 [main] INFO  api.test.RegressionSuite.UpdateUserTest - *** Updated data are validated through GET Call - passed ***
12:48:06.675 [main] INFO  api.test.RegressionSuite.DeleteUserTest - ****Created a User***
12:48:13.281 [main] INFO  api.test.RegressionSuite.DeleteUserTest - ****Get the created User***
12:48:14.549 [main] INFO  api.test.RegressionSuite.DeleteUserTest - ****Delete the created User***
12:48:15.149 [main] INFO  api.test.RegressionSuite.DeleteUserTest - *** Expected status code is 204 deleted with No content - passed ***
12:48:15.152 [main] INFO  api.test.RegressionSuite.DeleteUserTest - ****Get the created User***
12:51:57.065 [main] INFO  api.test.RegressionSuite.DeleteUserTest - ****Created a User***
12:52:03.581 [main] INFO  api.test.RegressionSuite.DeleteUserTest - ****Get the created User***
12:52:04.756 [main] INFO  api.test.RegressionSuite.DeleteUserTest - ****Delete the created User***
12:52:05.569 [main] INFO  api.test.RegressionSuite.DeleteUserTest - *** Expected status code is 204 deleted with No content - passed ***
12:52:05.569 [main] INFO  api.test.RegressionSuite.DeleteUserTest - ****Get the created User***
12:53:54.736 [main] INFO  api.test.RegressionSuite.DeleteUserTest - ****Created a User***
13:24:05.632 [main] INFO  api.test.RegressionSuite.DeleteUserTest - ****Created a User***
13:24:10.895 [main] INFO  api.test.RegressionSuite.DeleteUserTest - ****Get the created User***
13:26:21.780 [main] INFO  api.test.RegressionSuite.DeleteUserTest - ****Created a User***
13:26:27.157 [main] INFO  api.test.RegressionSuite.DeleteUserTest - ****Get the created User***
13:26:28.206 [main] INFO  api.test.RegressionSuite.DeleteUserTest - ****Delete the created User***
13:26:34.048 [main] INFO  api.test.RegressionSuite.DeleteUserTest - *** Expected status code is 204 deleted with No content - passed ***
13:26:34.048 [main] INFO  api.test.RegressionSuite.DeleteUserTest - ****Get the deleted User***
13:26:35.236 [main] INFO  api.test.RegressionSuite.DeleteUserTest - *** status code 404 stating not found - passed ***
11:34:12.626 [main] INFO  api.test.RegressionSuite.GetUserTest - **** Reading all Users ***
11:34:16.808 [main] INFO  api.test.RegressionSuite.GetUserTest - *** Expected status code is 200 - passed ***
11:34:16.841 [main] INFO  api.test.RegressionSuite.GetUserTest - *** Expected headers are validated - passed ***
11:34:17.427 [main] INFO  api.test.RegressionSuite.GetUserTest - *** Expected schema are validated - passed ***
